Archive member included to satisfy reference by file (symbol)

c:/mounriver/mounriver_studio/toolchain/risc-v embedded gcc/bin/../lib/gcc/riscv-none-embed/8.2.0/../../../../riscv-none-embed/lib/rv32imacxw/ilp32\libprintf.a(wchprintf.o)
                              ./User/main.o (printf)
c:/mounriver/mounriver_studio/toolchain/risc-v embedded gcc/bin/../lib/gcc/riscv-none-embed/8.2.0/rv32imacxw/ilp32\libgcc.a(save-restore.o)
                              ./FreeRTOS/timers.o (__riscv_save_10)
c:/mounriver/mounriver_studio/toolchain/risc-v embedded gcc/bin/../lib/gcc/riscv-none-embed/8.2.0/../../../../riscv-none-embed/lib/rv32imacxw/ilp32\libg_nano.a(lib_a-memcpy.o)
                              ./FreeRTOS/queue.o (memcpy)
c:/mounriver/mounriver_studio/toolchain/risc-v embedded gcc/bin/../lib/gcc/riscv-none-embed/8.2.0/../../../../riscv-none-embed/lib/rv32imacxw/ilp32\libg_nano.a(lib_a-memset.o)
                              ./FreeRTOS/stream_buffer.o (memset)
c:/mounriver/mounriver_studio/toolchain/risc-v embedded gcc/bin/../lib/gcc/riscv-none-embed/8.2.0/../../../../riscv-none-embed/lib/rv32imacxw/ilp32\libg_nano.a(lib_a-strlen.o)
                              ./FreeRTOS/tasks.o (strlen)

Discarded input sections

 .text          0x0000000000000000        0x0 ./User/ch32v30x_it.o
 .data          0x0000000000000000        0x0 ./User/ch32v30x_it.o
 .bss           0x0000000000000000        0x0 ./User/ch32v30x_it.o
 .text          0x0000000000000000        0x0 ./User/main.o
 .data          0x0000000000000000        0x0 ./User/main.o
 .bss           0x0000000000000000        0x0 ./User/main.o
 .text          0x0000000000000000        0x0 ./User/system_ch32v30x.o
 .data          0x0000000000000000        0x0 ./User/system_ch32v30x.o
 .bss           0x0000000000000000        0x0 ./User/system_ch32v30x.o
 .text.SystemCoreClockUpdate
                0x0000000000000000       0xbe ./User/system_ch32v30x.o
 .data.AHBPrescTable
                0x0000000000000000       0x10 ./User/system_ch32v30x.o
 .text          0x0000000000000000        0x0 ./Startup/startup_ch32v30x_D8C.o
 .data          0x0000000000000000        0x0 ./Startup/startup_ch32v30x_D8C.o
 .bss           0x0000000000000000        0x0 ./Startup/startup_ch32v30x_D8C.o
 .text          0x0000000000000000        0x0 ./Peripheral/src/ch32v30x_adc.o
 .data          0x0000000000000000        0x0 ./Peripheral/src/ch32v30x_adc.o
 .bss           0x0000000000000000        0x0 ./Peripheral/src/ch32v30x_adc.o
 .text.ADC_DeInit
                0x0000000000000000       0x5a ./Peripheral/src/ch32v30x_adc.o
 .text.ADC_Init
                0x0000000000000000       0x56 ./Peripheral/src/ch32v30x_adc.o
 .text.ADC_StructInit
                0x0000000000000000       0x1a ./Peripheral/src/ch32v30x_adc.o
 .text.ADC_Cmd  0x0000000000000000       0x10 ./Peripheral/src/ch32v30x_adc.o
 .text.ADC_DMACmd
                0x0000000000000000       0x12 ./Peripheral/src/ch32v30x_adc.o
 .text.ADC_ITConfig
                0x0000000000000000       0x16 ./Peripheral/src/ch32v30x_adc.o
 .text.ADC_ResetCalibration
                0x0000000000000000        0xa ./Peripheral/src/ch32v30x_adc.o
 .text.ADC_GetResetCalibrationStatus
                0x0000000000000000        0x8 ./Peripheral/src/ch32v30x_adc.o
 .text.ADC_StartCalibration
                0x0000000000000000        0xa ./Peripheral/src/ch32v30x_adc.o
 .text.ADC_GetCalibrationStatus
                0x0000000000000000        0x8 ./Peripheral/src/ch32v30x_adc.o
 .text.ADC_SoftwareStartConvCmd
                0x0000000000000000       0x18 ./Peripheral/src/ch32v30x_adc.o
 .text.ADC_GetSoftwareStartConvStatus
                0x0000000000000000        0x8 ./Peripheral/src/ch32v30x_adc.o
 .text.ADC_DiscModeChannelCountConfig
                0x0000000000000000       0x12 ./Peripheral/src/ch32v30x_adc.o
 .text.ADC_DiscModeCmd
                0x0000000000000000       0x1a ./Peripheral/src/ch32v30x_adc.o
 .text.ADC_RegularChannelConfig
                0x0000000000000000       0xb8 ./Peripheral/src/ch32v30x_adc.o
 .text.ADC_ExternalTrigConvCmd
                0x0000000000000000       0x18 ./Peripheral/src/ch32v30x_adc.o
 .text.ADC_GetConversionValue
                0x0000000000000000        0x8 ./Peripheral/src/ch32v30x_adc.o
 .text.ADC_GetDualModeConversionValue
                0x0000000000000000        0xa ./Peripheral/src/ch32v30x_adc.o
 .text.ADC_AutoInjectedConvCmd
                0x0000000000000000       0x12 ./Peripheral/src/ch32v30x_adc.o
 .text.ADC_InjectedDiscModeCmd
                0x0000000000000000       0x14 ./Peripheral/src/ch32v30x_adc.o
 .text.ADC_ExternalTrigInjectedConvConfig
                0x0000000000000000        0xe ./Peripheral/src/ch32v30x_adc.o
 .text.ADC_ExternalTrigInjectedConvCmd
                0x0000000000000000       0x14 ./Peripheral/src/ch32v30x_adc.o
 .text.ADC_SoftwareStartInjectedConvCmd
                0x0000000000000000       0x18 ./Peripheral/src/ch32v30x_adc.o
 .text.ADC_GetSoftwareStartInjectedConvCmdStatus
[...]
Memory Configuration

Name             Origin             Length             Attributes
FLASH            0x0000000000000000 0x0000000000048000 xr
RAM              0x0000000020000000 0x0000000000008000 xrw
*default*        0x0000000000000000 0xffffffffffffffff

Linker script and memory map

LOAD ./User/ch32v30x_it.o
LOAD ./User/main.o
LOAD ./User/system_ch32v30x.o
LOAD ./Startup/startup_ch32v30x_D8C.o
LOAD ./Peripheral/src/ch32v30x_adc.o
LOAD ./Peripheral/src/ch32v30x_bkp.o
LOAD ./Peripheral/src/ch32v30x_can.o
LOAD ./Peripheral/src/ch32v30x_crc.o
LOAD ./Peripheral/src/ch32v30x_dac.o
LOAD ./Peripheral/src/ch32v30x_dbgmcu.o
LOAD ./Peripheral/src/ch32v30x_dma.o
LOAD ./Peripheral/src/ch32v30x_dvp.o
LOAD ./Peripheral/src/ch32v30x_eth.o
LOAD ./Peripheral/src/ch32v30x_exti.o
LOAD ./Peripheral/src/ch32v30x_flash.o
LOAD ./Peripheral/src/ch32v30x_fsmc.o
LOAD ./Peripheral/src/ch32v30x_gpio.o
LOAD ./Peripheral/src/ch32v30x_i2c.o
LOAD ./Peripheral/src/ch32v30x_iwdg.o
LOAD ./Peripheral/src/ch32v30x_misc.o
LOAD ./Peripheral/src/ch32v30x_opa.o
LOAD ./Peripheral/src/ch32v30x_pwr.o
LOAD ./Peripheral/src/ch32v30x_rcc.o
LOAD ./Peripheral/src/ch32v30x_rng.o
LOAD ./Peripheral/src/ch32v30x_rtc.o
LOAD ./Peripheral/src/ch32v30x_sdio.o
LOAD ./Peripheral/src/ch32v30x_spi.o
LOAD ./Peripheral/src/ch32v30x_tim.o
LOAD ./Peripheral/src/ch32v30x_usart.o
LOAD ./Peripheral/src/ch32v30x_wwdg.o
LOAD ./FreeRTOS/portable/MemMang/heap_4.o
LOAD ./FreeRTOS/portable/GCC/RISC-V/port.o
LOAD ./FreeRTOS/portable/GCC/RISC-V/portASM.o
LOAD ./FreeRTOS/croutine.o
LOAD ./FreeRTOS/event_groups.o
LOAD ./FreeRTOS/list.o
LOAD ./FreeRTOS/queue.o
LOAD ./FreeRTOS/stream_buffer.o
LOAD ./FreeRTOS/tasks.o
LOAD ./FreeRTOS/timers.o
LOAD ./Debug/debug.o
LOAD ./Core/core_riscv.o
LOAD c:/mounriver/mounriver_studio/toolchain/risc-v embedded gcc/bin/../lib/gcc/riscv-none-embed/8.2.0/../../../../riscv-none-embed/lib/rv32imacxw/ilp32\libm.a
LOAD c:/mounriver/mounriver_studio/toolchain/risc-v embedded gcc/bin/../lib/gcc/riscv-none-embed/8.2.0/../../../../riscv-none-embed/lib/rv32imacxw/ilp32\libprintf.a
LOAD c:/mounriver/mounriver_studio/toolchain/risc-v embedded gcc/bin/../lib/gcc/riscv-none-embed/8.2.0/../../../../riscv-none-embed/lib/rv32imacxw/ilp32\libprintfloat.a
LOAD c:/mounriver/mounriver_studio/toolchain/risc-v embedded gcc/bin/../lib/gcc/riscv-none-embed/8.2.0/rv32imacxw/ilp32\libgcc.a
LOAD c:/mounriver/mounriver_studio/toolchain/risc-v embedded gcc/bin/../lib/gcc/riscv-none-embed/8.2.0/../../../../riscv-none-embed/lib/rv32imacxw/ilp32\libg_nano.a
LOAD c:/mounriver/mounriver_studio/toolchain/risc-v embedded gcc/bin/../lib/gcc/riscv-none-embed/8.2.0/../../../../riscv-none-embed/lib/rv32imacxw/ilp32\libc_nano.a
LOAD c:/mounriver/mounriver_studio/toolchain/risc-v embedded gcc/bin/../lib/gcc/riscv-none-embed/8.2.0/rv32imacxw/ilp32\libgcc.a
START GROUP
LOAD c:/mounriver/mounriver_studio/toolchain/risc-v embedded gcc/bin/../lib/gcc/riscv-none-embed/8.2.0/rv32imacxw/ilp32\libgcc.a
LOAD c:/mounriver/mounriver_studio/toolchain/risc-v embedded gcc/bin/../lib/gcc/riscv-none-embed/8.2.0/../../../../riscv-none-embed/lib/rv32imacxw/ilp32\libc_nano.a
LOAD c:/mounriver/mounriver_studio/toolchain/risc-v embedded gcc/bin/../lib/gcc/riscv-none-embed/8.2.0/../../../../riscv-none-embed/lib/rv32imacxw/ilp32\libnosys.a
END GROUP
START GROUP
LOAD c:/mounriver/mounriver_studio/toolchain/risc-v embedded gcc/bin/../lib/gcc/riscv-none-embed/8.2.0/rv32imacxw/ilp32\libgcc.a
LOAD c:/mounriver/mounriver_studio/toolchain/risc-v embedded gcc/bin/../lib/gcc/riscv-none-embed/8.2.0/../../../../riscv-none-embed/lib/rv32imacxw/ilp32\libc_nano.a
LOAD c:/mounriver/mounriver_studio/toolchain/risc-v embedded gcc/bin/../lib/gcc/riscv-none-embed/8.2.0/../../../../riscv-none-embed/lib/rv32imacxw/ilp32\libnosys.a
END GROUP
                0x0000000000000800                __stack_size = 0x800
                [!provide]                        PROVIDE (_stack_size = __stack_size)

.init           0x0000000000000000       0x38
                0x0000000000000000                _sinit = .
                0x0000000000000000                . = ALIGN (0x4)
 *(SORT_NONE(.init))
 .init          0x0000000000000000       0x38 ./Startup/startup_ch32v30x_D8C.o
                0x0000000000000000                _start
                0x0000000000000038                . = ALIGN (0x4)
                0x0000000000000038                _einit = .

.vector         0x0000000000000038      0x1c8
 *(.vector)
 .vector        0x0000000000000038      0x1a0 ./Startup/startup_ch32v30x_D8C.o
                0x0000000000000200                . = ALIGN (0x40)
 *fill*         0x00000000000001d8       0x28 

.text           0x0000000000000200     0x28b8
                0x0000000000000200                . = ALIGN (0x4)
 *(.text)
 .text          0x0000000000000200      0x2e6 ./FreeRTOS/portable/GCC/RISC-V/portASM.o
                0x0000000000000200                SW_Handler
                0x0000000000000300                xPortStartFirstTask
                0x0000000000000400                pxPortInitialiseStack
 .text          0x00000000000004e6       0x60 c:/mounriver/mounriver_studio/toolchain/risc-v embedded gcc/bin/../lib/gcc/riscv-none-embed/8.2.0/rv32imacxw/ilp32\libgcc.a(save-restore.o)
                0x00000000000004e6                __riscv_save_12
                0x00000000000004ee                __riscv_save_9
                0x00000000000004ee                __riscv_save_11
                0x00000000000004ee                __riscv_save_10
                0x00000000000004ee                __riscv_save_8
                0x00000000000004fc                __riscv_save_4
                0x00000000000004fc                __riscv_save_6
                0x00000000000004fc                __riscv_save_5
                0x00000000000004fc                __riscv_save_7
                0x0000000000000516                __riscv_save_3
                0x0000000000000516                __riscv_save_2
                0x0000000000000516                __riscv_save_1
                0x0000000000000516                __riscv_save_0
                0x0000000000000522                __riscv_restore_12
                0x0000000000000526                __riscv_restore_11
                0x0000000000000526                __riscv_restore_9
                0x0000000000000526                __riscv_restore_10
                0x0000000000000526                __riscv_restore_8
                0x0000000000000530                __riscv_restore_5
                0x0000000000000530                __riscv_restore_7
                0x0000000000000530                __riscv_restore_6
                0x0000000000000530                __riscv_restore_4
                0x000000000000053a                __riscv_restore_3
                0x000000000000053a                __riscv_restore_0
                0x000000000000053a                __riscv_restore_2
                0x000000000000053a                __riscv_restore_1
 *(.text.*)
 .text.NMI_Handler
                0x0000000000000546        0x4 ./User/ch32v30x_it.o
                0x0000000000000546                NMI_Handler
 .text.HardFault_Handler
                0x000000000000054a        0x2 ./User/ch32v30x_it.o
                0x000000000000054a                HardFault_Handler
 .text.task1_task
                0x000000000000054c       0x84 ./User/main.o
                0x000000000000054c                task1_task
 .text.task2_task
                0x00000000000005d0       0x26 ./User/main.o
                0x00000000000005d0                task2_task
 .text.GPIO_Toggle_INIT
                0x00000000000005f6       0x4c ./User/main.o
                0x00000000000005f6                GPIO_Toggle_INIT
 .text.startup.main
                0x0000000000000642       0x9a ./User/main.o
                0x0000000000000642                main
 .text.SystemInit
                0x00000000000006dc       0xfa ./User/system_ch32v30x.o
                0x00000000000006dc                SystemInit
 .text.vector_handler
                0x00000000000007d6       0xbe ./Startup/startup_ch32v30x_D8C.o
                0x00000000000007da                Ecall_M_Mode_Handler
                0x00000000000007dc                Ecall_U_Mode_Handler
                0x00000000000007de                Break_Point_Handler
                0x00000000000007e4                WWDG_IRQHandler
                0x00000000000007e6                PVD_IRQHandler
                0x00000000000007e8                TAMPER_IRQHandler
                0x00000000000007ea                RTC_IRQHandler
                0x00000000000007ec                FLASH_IRQHandler
                0x00000000000007ee                RCC_IRQHandler
                0x00000000000007f0                EXTI0_IRQHandler
                0x00000000000007f2                EXTI1_IRQHandler
                0x00000000000007f4                EXTI2_IRQHandler
                0x00000000000007f6                EXTI3_IRQHandler
                0x00000000000007f8                EXTI4_IRQHandler
                0x00000000000007fa                DMA1_Channel1_IRQHandler
                0x00000000000007fc                DMA1_Channel2_IRQHandler
                0x00000000000007fe                DMA1_Channel3_IRQHandler
                0x0000000000000800                DMA1_Channel4_IRQHandler
                0x0000000000000802                DMA1_Channel5_IRQHandler
                0x0000000000000804                DMA1_Channel6_IRQHandler
                0x0000000000000806                DMA1_Channel7_IRQHandler
                0x0000000000000808                ADC1_2_IRQHandler
                0x000000000000080a                USB_HP_CAN1_TX_IRQHandler
                0x000000000000080c                USB_LP_CAN1_RX0_IRQHandler
                0x000000000000080e                CAN1_RX1_IRQHandler
                0x0000000000000810                CAN1_SCE_IRQHandler
                0x0000000000000812                EXTI9_5_IRQHandler
                0x0000000000000814                TIM1_BRK_IRQHandler
                0x0000000000000816                TIM1_UP_IRQHandler
                0x0000000000000818                TIM1_TRG_COM_IRQHandler
                0x000000000000081a                TIM1_CC_IRQHandler
                0x000000000000081c                TIM2_IRQHandler
                0x000000000000081e                TIM3_IRQHandler
                0x0000000000000820                TIM4_IRQHandler
                0x0000000000000822                I2C1_EV_IRQHandler
                0x0000000000000824                I2C1_ER_IRQHandler
                0x0000000000000826                I2C2_EV_IRQHandler
                0x0000000000000828                I2C2_ER_IRQHandler
                0x000000000000082a                SPI1_IRQHandler
                0x000000000000082c                SPI2_IRQHandler
                0x000000000000082e                USART1_IRQHandler
                0x0000000000000830                USART2_IRQHandler
                0x0000000000000832                USART3_IRQHandler
                0x0000000000000834                EXTI15_10_IRQHandler
                0x0000000000000836                RTCAlarm_IRQHandler
                0x0000000000000838                USBWakeUp_IRQHandler
                0x000000000000083a                TIM8_BRK_IRQHandler
                0x000000000000083c                TIM8_UP_IRQHandler
                0x000000000000083e                TIM8_TRG_COM_IRQHandler
                0x0000000000000840                TIM8_CC_IRQHandler
                0x0000000000000842                RNG_IRQHandler
                0x0000000000000844                FSMC_IRQHandler
                0x0000000000000846                SDIO_IRQHandler
                0x0000000000000848                TIM5_IRQHandler
                0x000000000000084a                SPI3_IRQHandler
                0x000000000000084c                UART4_IRQHandler
                0x000000000000084e                UART5_IRQHandler
                0x0000000000000850                TIM6_IRQHandler
                0x0000000000000852                TIM7_IRQHandler
                0x0000000000000854                DMA2_Channel1_IRQHandler
                0x0000000000000856                DMA2_Channel2_IRQHandler
                0x0000000000000858                DMA2_Channel3_IRQHandler
                0x000000000000085a                DMA2_Channel4_IRQHandler
                0x000000000000085c                DMA2_Channel5_IRQHandler
                0x000000000000085e                ETH_IRQHandler
                0x0000000000000860                ETH_WKUP_IRQHandler
                0x0000000000000862                CAN2_TX_IRQHandler
                0x0000000000000864                CAN2_RX0_IRQHandler
                0x0000000000000866                CAN2_RX1_IRQHandler
                0x0000000000000868                CAN2_SCE_IRQHandler
                0x000000000000086a                OTG_FS_IRQHandler
                0x000000000000086c                USBHSWakeup_IRQHandler
                0x000000000000086e                USBHS_IRQHandler
                0x0000000000000870                DVP_IRQHandler
                0x0000000000000872                UART6_IRQHandler
                0x0000000000000874                UART7_IRQHandler
                0x0000000000000876                UART8_IRQHandler
                0x0000000000000878                TIM9_BRK_IRQHandler
                0x000000000000087a                TIM9_UP_IRQHandler
                0x000000000000087c                TIM9_TRG_COM_IRQHandler
                0x000000000000087e                TIM9_CC_IRQHandler
                0x0000000000000880                TIM10_BRK_IRQHandler
                0x0000000000000882                TIM10_UP_IRQHandler
                0x0000000000000884                TIM10_TRG_COM_IRQHandler
                0x0000000000000886                TIM10_CC_IRQHandler
                0x0000000000000888                DMA2_Channel6_IRQHandler
                0x000000000000088a                DMA2_Channel7_IRQHandler
                0x000000000000088c                DMA2_Channel8_IRQHandler
                0x000000000000088e                DMA2_Channel9_IRQHandler
                0x0000000000000890                DMA2_Channel10_IRQHandler
                0x0000000000000892                DMA2_Channel11_IRQHandler
 .text.handle_reset
                0x0000000000000894       0x92 ./Startup/startup_ch32v30x_D8C.o
                0x0000000000000894                handle_reset
 .text.GPIO_Init
                0x0000000000000926       0xc0 ./Peripheral/src/ch32v30x_gpio.o
                0x0000000000000926                GPIO_Init
 .text.GPIO_ReadInputDataBit
                0x00000000000009e6        0xa ./Peripheral/src/ch32v30x_gpio.o
                0x00000000000009e6                GPIO_ReadInputDataBit
 .text.GPIO_SetBits
                0x00000000000009f0        0x4 ./Peripheral/src/ch32v30x_gpio.o
                0x00000000000009f0                GPIO_SetBits
 .text.GPIO_ResetBits
                0x00000000000009f4        0x4 ./Peripheral/src/ch32v30x_gpio.o
                0x00000000000009f4                GPIO_ResetBits
 .text.NVIC_PriorityGroupConfig
                0x00000000000009f8        0xa ./Peripheral/src/ch32v30x_misc.o
                0x00000000000009f8                NVIC_PriorityGroupConfig
 .text.RCC_GetClocksFreq
                0x0000000000000a02      0x176 ./Peripheral/src/ch32v30x_rcc.o
                0x0000000000000a02                RCC_GetClocksFreq
 .text.RCC_APB2PeriphClockCmd
                0x0000000000000b78       0x1e ./Peripheral/src/ch32v30x_rcc.o
                0x0000000000000b78                RCC_APB2PeriphClockCmd
 .text.USART_Init
                0x0000000000000b96       0xb8 ./Peripheral/src/ch32v30x_usart.o
                0x0000000000000b96                USART_Init
 .text.USART_Cmd
                0x0000000000000c4e       0x16 ./Peripheral/src/ch32v30x_usart.o
                0x0000000000000c4e                USART_Cmd
 .text.USART_SendData
                0x0000000000000c64        0x8 ./Peripheral/src/ch32v30x_usart.o
                0x0000000000000c64                USART_SendData
 .text.USART_GetFlagStatus
                0x0000000000000c6c        0xa ./Peripheral/src/ch32v30x_usart.o
                0x0000000000000c6c                USART_GetFlagStatus
 .text.prvInsertBlockIntoFreeList
                0x0000000000000c76       0x4c ./FreeRTOS/portable/MemMang/heap_4.o
 .text.pvPortMalloc
                0x0000000000000cc2      0x18a ./FreeRTOS/portable/MemMang/heap_4.o
                0x0000000000000cc2                pvPortMalloc
 .text.vPortFree
                0x0000000000000e4c       0xa6 ./FreeRTOS/portable/MemMang/heap_4.o
                0x0000000000000e4c                vPortFree
 .text.vPortSetupTimerInterrupt
                0x0000000000000ef2       0x3e ./FreeRTOS/portable/GCC/RISC-V/port.o
                0x0000000000000ef2                vPortSetupTimerInterrupt
 .text.xPortStartScheduler
                0x0000000000000f30       0x8e ./FreeRTOS/portable/GCC/RISC-V/port.o
                0x0000000000000f30                xPortStartScheduler
 .text.SysTick_Handler
                0x0000000000000fbe       0x38 ./FreeRTOS/portable/GCC/RISC-V/port.o
                0x0000000000000fbe                SysTick_Handler
 .text.vPortEnterCritical
                0x0000000000000ff6       0x16 ./FreeRTOS/portable/GCC/RISC-V/port.o
                0x0000000000000ff6                vPortEnterCritical
 .text.vPortExitCritical
                0x000000000000100c       0x42 ./FreeRTOS/portable/GCC/RISC-V/port.o
                0x000000000000100c                vPortExitCritical
 .text.vListInitialise
                0x000000000000104e       0x14 ./FreeRTOS/list.o
                0x000000000000104e                vListInitialise
 .text.vListInitialiseItem
                0x0000000000001062        0x6 ./FreeRTOS/list.o
                0x0000000000001062                vListInitialiseItem
 .text.vListInsert
                0x0000000000001068       0x2e ./FreeRTOS/list.o
                0x0000000000001068                vListInsert
 .text.uxListRemove
                0x0000000000001096       0x20 ./FreeRTOS/list.o
                0x0000000000001096                uxListRemove
 .text.prvIsQueueEmpty
                0x00000000000010b6       0x1a ./FreeRTOS/queue.o
 .text.prvCopyDataFromQueue
                0x00000000000010d0       0x28 ./FreeRTOS/queue.o
 .text.prvUnlockQueue
                0x00000000000010f8       0x6e ./FreeRTOS/queue.o
 .text.xQueueGenericReset
                0x0000000000001166       0xbc ./FreeRTOS/queue.o
                0x0000000000001166                xQueueGenericReset
 .text.xQueueGenericCreate
                0x0000000000001222       0x6a ./FreeRTOS/queue.o
                0x0000000000001222                xQueueGenericCreate
 .text.xQueueReceive
                0x000000000000128c      0x146 ./FreeRTOS/queue.o
                0x000000000000128c                xQueueReceive
 .text.vQueueAddToRegistry
                0x00000000000013d2       0x6c ./FreeRTOS/queue.o
                0x00000000000013d2                vQueueAddToRegistry
 .text.vQueueWaitForMessageRestricted
                0x000000000000143e       0x56 ./FreeRTOS/queue.o
                0x000000000000143e                vQueueWaitForMessageRestricted
 .text.prvResetNextTaskUnblockTime
                0x0000000000001494       0x24 ./FreeRTOS/tasks.o
 .text.prvAddCurrentTaskToDelayedList
                0x00000000000014b8       0xa0 ./FreeRTOS/tasks.o
 .text.prvIdleTask
                0x0000000000001558       0x4c ./FreeRTOS/tasks.o
 .text.xTaskCreate
                0x00000000000015a4      0x204 ./FreeRTOS/tasks.o
                0x00000000000015a4                xTaskCreate
 .text.vTaskStartScheduler
                0x00000000000017a8       0x90 ./FreeRTOS/tasks.o
                0x00000000000017a8                vTaskStartScheduler
 .text.vTaskSuspendAll
                0x0000000000001838       0x10 ./FreeRTOS/tasks.o
                0x0000000000001838                vTaskSuspendAll
 .text.xTaskGetTickCount
                0x0000000000001848        0xa ./FreeRTOS/tasks.o
                0x0000000000001848                xTaskGetTickCount
 .text.xTaskIncrementTick
                0x0000000000001852      0x1aa ./FreeRTOS/tasks.o
                0x0000000000001852                xTaskIncrementTick
 .text.xTaskResumeAll
                0x00000000000019fc      0x166 ./FreeRTOS/tasks.o
                0x00000000000019fc                xTaskResumeAll
 .text.vTaskDelay
                0x0000000000001b62       0x62 ./FreeRTOS/tasks.o
                0x0000000000001b62                vTaskDelay
 .text.vTaskSwitchContext
                0x0000000000001bc4       0x9a ./FreeRTOS/tasks.o
                0x0000000000001bc4                vTaskSwitchContext
 .text.vTaskPlaceOnEventList
                0x0000000000001c5e       0x48 ./FreeRTOS/tasks.o
                0x0000000000001c5e                vTaskPlaceOnEventList
 .text.vTaskPlaceOnEventListRestricted
                0x0000000000001ca6       0x76 ./FreeRTOS/tasks.o
                0x0000000000001ca6                vTaskPlaceOnEventListRestricted
 .text.xTaskRemoveFromEventList
                0x0000000000001d1c       0xec ./FreeRTOS/tasks.o
                0x0000000000001d1c                xTaskRemoveFromEventList
 .text.vTaskInternalSetTimeOutState
                0x0000000000001e08       0x16 ./FreeRTOS/tasks.o
                0x0000000000001e08                vTaskInternalSetTimeOutState
 .text.xTaskCheckForTimeOut
                0x0000000000001e1e       0xc8 ./FreeRTOS/tasks.o
                0x0000000000001e1e                xTaskCheckForTimeOut
 .text.vTaskMissedYield
                0x0000000000001ee6        0xc ./FreeRTOS/tasks.o
                0x0000000000001ee6                vTaskMissedYield
 .text.xTaskGetSchedulerState
                0x0000000000001ef2       0x1c ./FreeRTOS/tasks.o
                0x0000000000001ef2                xTaskGetSchedulerState
 .text.prvCheckForValidListAndQueue
                0x0000000000001f0e       0x66 ./FreeRTOS/timers.o
 .text.prvInsertTimerInActiveList
                0x0000000000001f74       0x46 ./FreeRTOS/timers.o
 .text.prvReloadTimer
                0x0000000000001fba       0x28 ./FreeRTOS/timers.o
 .text.prvProcessExpiredTimer
                0x0000000000001fe2       0x44 ./FreeRTOS/timers.o
 .text.prvSwitchTimerLists
                0x0000000000002026       0x2e ./FreeRTOS/timers.o
 .text.prvTimerTask
                0x0000000000002054      0x18a ./FreeRTOS/timers.o
 .text.xTimerCreateTimerTask
                0x00000000000021de       0x5c ./FreeRTOS/timers.o
                0x00000000000021de                xTimerCreateTimerTask
 .text.Delay_Init
                0x000000000000223a       0x32 ./Debug/debug.o
                0x000000000000223a                Delay_Init
 .text.USART_Printf_Init
                0x000000000000226c       0x5a ./Debug/debug.o
                0x000000000000226c                USART_Printf_Init
 .text._write   0x00000000000022c6       0x3e ./Debug/debug.o
                0x00000000000022c6                _write
 .text.printchar
                0x0000000000002304       0x48 c:/mounriver/mounriver_studio/toolchain/risc-v embedded gcc/bin/../lib/gcc/riscv-none-embed/8.2.0/../../../../riscv-none-embed/lib/rv32imacxw/ilp32\libprintf.a(wchprintf.o)
                0x0000000000002304                printchar
 .text.prints   0x000000000000234c       0xd8 c:/mounriver/mounriver_studio/toolchain/risc-v embedded gcc/bin/../lib/gcc/riscv-none-embed/8.2.0/../../../../riscv-none-embed/lib/rv32imacxw/ilp32\libprintf.a(wchprintf.o)
                0x000000000000234c                prints
 .text.printInt
                0x0000000000002424       0xe6 c:/mounriver/mounriver_studio/toolchain/risc-v embedded gcc/bin/../lib/gcc/riscv-none-embed/8.2.0/../../../../riscv-none-embed/lib/rv32imacxw/ilp32\libprintf.a(wchprintf.o)
                0x0000000000002424                printInt
 .text.printLongLongInt
                0x000000000000250a        0x4 c:/mounriver/mounriver_studio/toolchain/risc-v embedded gcc/bin/../lib/gcc/riscv-none-embed/8.2.0/../../../../riscv-none-embed/lib/rv32imacxw/ilp32\libprintf.a(wchprintf.o)
                0x000000000000250a                printLongLongInt
 .text.printDouble
                0x000000000000250e        0x4 c:/mounriver/mounriver_studio/toolchain/risc-v embedded gcc/bin/../lib/gcc/riscv-none-embed/8.2.0/../../../../riscv-none-embed/lib/rv32imacxw/ilp32\libprintf.a(wchprintf.o)
                0x000000000000250e                printDouble
 .text.print    0x0000000000002512      0x316 c:/mounriver/mounriver_studio/toolchain/risc-v embedded gcc/bin/../lib/gcc/riscv-none-embed/8.2.0/../../../../riscv-none-embed/lib/rv32imacxw/ilp32\libprintf.a(wchprintf.o)
                0x0000000000002512                print
 .text.printf   0x0000000000002828       0x24 c:/mounriver/mounriver_studio/toolchain/risc-v embedded gcc/bin/../lib/gcc/riscv-none-embed/8.2.0/../../../../riscv-none-embed/lib/rv32imacxw/ilp32\libprintf.a(wchprintf.o)
                0x0000000000002828                printf
 .text.puts     0x000000000000284c       0x4a c:/mounriver/mounriver_studio/toolchain/risc-v embedded gcc/bin/../lib/gcc/riscv-none-embed/8.2.0/../../../../riscv-none-embed/lib/rv32imacxw/ilp32\libprintf.a(wchprintf.o)
                0x000000000000284c                puts
 .text.memcpy   0x0000000000002896       0xb2 c:/mounriver/mounriver_studio/toolchain/risc-v embedded gcc/bin/../lib/gcc/riscv-none-embed/8.2.0/../../../../riscv-none-embed/lib/rv32imacxw/ilp32\libg_nano.a(lib_a-memcpy.o)
                0x0000000000002896                memcpy
 *(.rodata)
 *(.rodata*)
 *fill*         0x0000000000002948        0x0 
 .rodata.main.str1.4
                0x0000000000002948       0x60 ./User/main.o
 .rodata.task1_task.str1.4
                0x00000000000029a8       0x16 ./User/main.o
 *fill*         0x00000000000029be        0x2 
 .rodata.pvPortMalloc.str1.4
                0x00000000000029c0       0x49 ./FreeRTOS/portable/MemMang/heap_4.o
 *fill*         0x0000000000002a09        0x3 
 .rodata.xPortStartScheduler.str1.4
                0x0000000000002a0c       0x27 ./FreeRTOS/portable/GCC/RISC-V/port.o
                                         0x49 (size before relaxing)
 *fill*         0x0000000000002a33        0x1 
 .rodata.xQueueGenericReset.str1.4
                0x0000000000002a34       0x14 ./FreeRTOS/queue.o
                                         0x35 (size before relaxing)
 .rodata.prvTaskIsTaskSuspended.str1.4
                0x0000000000002a48       0x14 ./FreeRTOS/tasks.o
                                         0x35 (size before relaxing)
 .rodata.vTaskStartScheduler.str1.4
                0x0000000000002a5c        0x5 ./FreeRTOS/tasks.o
 *fill*         0x0000000000002a61        0x3 
 .rodata.prvTimerTask
                0x0000000000002a64       0x24 ./FreeRTOS/timers.o
 .rodata.prvCheckForValidListAndQueue.str1.4
                0x0000000000002a88        0x5 ./FreeRTOS/timers.o
 *fill*         0x0000000000002a8d        0x3 
 .rodata.prvTimerTask.str1.4
                0x0000000000002a90       0x15 ./FreeRTOS/timers.o
                                         0x39 (size before relaxing)
 *fill*         0x0000000000002aa5        0x3 
 .rodata.xTimerCreateTimerTask.str1.4
                0x0000000000002aa8        0x8 ./FreeRTOS/timers.o
 .rodata.print.str1.4
                0x0000000000002ab0        0x8 c:/mounriver/mounriver_studio/toolchain/risc-v embedded gcc/bin/../lib/gcc/riscv-none-embed/8.2.0/../../../../riscv-none-embed/lib/rv32imacxw/ilp32\libprintf.a(wchprintf.o)
                                          0x7 (size before relaxing)
 *(.gnu.linkonce.t.*)
                0x0000000000002ab8                . = ALIGN (0x4)

.rela.dyn       0x0000000000002ab8        0x0
 .rela.text.task1_task
                0x0000000000002ab8        0x0 ./User/ch32v30x_it.o
 .rela.text.startup.main
                0x0000000000002ab8        0x0 ./User/ch32v30x_it.o
 .rela.init     0x0000000000002ab8        0x0 ./User/ch32v30x_it.o
 .rela.vector   0x0000000000002ab8        0x0 ./User/ch32v30x_it.o
 .rela.text.handle_reset
                0x0000000000002ab8        0x0 ./User/ch32v30x_it.o
 .rela.text.pvPortMalloc
                0x0000000000002ab8        0x0 ./User/ch32v30x_it.o
 .rela.text.vPortFree
                0x0000000000002ab8        0x0 ./User/ch32v30x_it.o
 .rela.text.xPortStartScheduler
                0x0000000000002ab8        0x0 ./User/ch32v30x_it.o
 .rela.text.vPortExitCritical
                0x0000000000002ab8        0x0 ./User/ch32v30x_it.o
 .rela.sdata2.xISRStackTop
                0x0000000000002ab8        0x0 ./User/ch32v30x_it.o
 .rela.text.xQueueGenericReset
                0x0000000000002ab8        0x0 ./User/ch32v30x_it.o
 .rela.text.xQueueGenericCreate
                0x0000000000002ab8        0x0 ./User/ch32v30x_it.o
 .rela.text.xQueueReceive
                0x0000000000002ab8        0x0 ./User/ch32v30x_it.o
 .rela.text.vQueueAddToRegistry
                0x0000000000002ab8        0x0 ./User/ch32v30x_it.o
 .rela.text.xTaskCreate
                0x0000000000002ab8        0x0 ./User/ch32v30x_it.o
 .rela.text.vTaskStartScheduler
                0x0000000000002ab8        0x0 ./User/ch32v30x_it.o
 .rela.text.xTaskIncrementTick
                0x0000000000002ab8        0x0 ./User/ch32v30x_it.o
 .rela.text.xTaskResumeAll
                0x0000000000002ab8        0x0 ./User/ch32v30x_it.o
 .rela.text.vTaskDelay
                0x0000000000002ab8        0x0 ./User/ch32v30x_it.o
 .rela.text.vTaskSwitchContext
                0x0000000000002ab8        0x0 ./User/ch32v30x_it.o
 .rela.text.vTaskPlaceOnEventList
                0x0000000000002ab8        0x0 ./User/ch32v30x_it.o
 .rela.text.vTaskPlaceOnEventListRestricted
                0x0000000000002ab8        0x0 ./User/ch32v30x_it.o
 .rela.text.xTaskRemoveFromEventList
                0x0000000000002ab8        0x0 ./User/ch32v30x_it.o
 .rela.text.xTaskCheckForTimeOut
                0x0000000000002ab8        0x0 ./User/ch32v30x_it.o
 .rela.text.prvTimerTask
                0x0000000000002ab8        0x0 ./User/ch32v30x_it.o
 .rela.text.xTimerCreateTimerTask
                0x0000000000002ab8        0x0 ./User/ch32v30x_it.o
 .rela.text.prints
                0x0000000000002ab8        0x0 ./User/ch32v30x_it.o
 .rela.text.printInt
                0x0000000000002ab8        0x0 ./User/ch32v30x_it.o
 .rela.text.print
                0x0000000000002ab8        0x0 ./User/ch32v30x_it.o
 .rela.text.printf
                0x0000000000002ab8        0x0 ./User/ch32v30x_it.o

.fini           0x0000000000002ab8        0x0
 *(SORT_NONE(.fini))
                0x0000000000002ab8                . = ALIGN (0x4)
                [!provide]                        PROVIDE (_etext = .)
                [!provide]                        PROVIDE (_eitcm = .)

.preinit_array  0x0000000000002ab8        0x0
                [!provide]                        PROVIDE (__preinit_array_start = .)
 *(.preinit_array)
                [!provide]                        PROVIDE (__preinit_array_end = .)

.init_array     0x0000000000002ab8        0x0
                [!provide]                        PROVIDE (__init_array_start = .)
 *(SORT_BY_INIT_PRIORITY(.init_array.*) SORT_BY_INIT_PRIORITY(.ctors.*))
 *(.init_array EXCLUDE_FILE(*crtend?.o *crtend.o *crtbegin?.o *crtbegin.o) .ctors)
                [!provide]                        PROVIDE (__init_array_end = .)

.fini_array     0x0000000000002ab8        0x0
                [!provide]                        PROVIDE (__fini_array_start = .)
 *(SORT_BY_INIT_PRIORITY(.fini_array.*) SORT_BY_INIT_PRIORITY(.dtors.*))
 *(.fini_array EXCLUDE_FILE(*crtend?.o *crtend.o *crtbegin?.o *crtbegin.o) .dtors)
                [!provide]                        PROVIDE (__fini_array_end = .)

.ctors
 *crtbegin.o(.ctors)
 *crtbegin?.o(.ctors)
 *(EXCLUDE_FILE(*crtend?.o *crtend.o) .ctors)
 *(SORT_BY_NAME(.ctors.*))
 *(.ctors)

.dtors
 *crtbegin.o(.dtors)
 *crtbegin?.o(.dtors)
 *(EXCLUDE_FILE(*crtend?.o *crtend.o) .dtors)
 *(SORT_BY_NAME(.dtors.*))
 *(.dtors)

.dalign         0x0000000020000000        0x0 load address 0x0000000000002ab8
                0x0000000020000000                . = ALIGN (0x4)
                0x0000000020000000                PROVIDE (_data_vma = .)

.dlalign        0x0000000000002ab8        0x0
                0x0000000000002ab8                . = ALIGN (0x4)
                0x0000000000002ab8                PROVIDE (_data_lma = .)

.data           0x0000000020000000       0x28 load address 0x0000000000002ab8
 *(.gnu.linkonce.r.*)
 *(.data .data.*)
 .data.APBAHBPrescTable
                0x0000000020000000       0x10 ./Peripheral/src/ch32v30x_rcc.o
 *(.gnu.linkonce.d.*)
                0x0000000020000010                . = ALIGN (0x8)
                0x0000000020000810                PROVIDE (__global_pointer$ = (. + 0x800))
 *(.sdata .sdata.*)
 .sdata.SystemCoreClock
                0x0000000020000010        0x4 ./User/system_ch32v30x.o
                0x0000000020000010                SystemCoreClock
 .sdata.ADCPrescTable
                0x0000000020000014        0x4 ./Peripheral/src/ch32v30x_rcc.o
 .sdata.uxCriticalNesting
                0x0000000020000018        0x4 ./FreeRTOS/portable/GCC/RISC-V/port.o
 .sdata.uxTopUsedPriority
                0x000000002000001c        0x4 ./FreeRTOS/tasks.o
                0x000000002000001c                uxTopUsedPriority
 *(.sdata2.*)
 .sdata2.xISRStackTop
                0x0000000020000020        0x4 ./FreeRTOS/portable/GCC/RISC-V/port.o
                0x0000000020000020                xISRStackTop
 *(.gnu.linkonce.s.*)
                0x0000000020000028                . = ALIGN (0x8)
 *fill*         0x0000000020000024        0x4 
 *(.srodata.cst16)
 *(.srodata.cst8)
 *(.srodata.cst4)
 *(.srodata.cst2)
 *(.srodata .srodata.*)
                0x0000000020000028                . = ALIGN (0x4)
                0x0000000020000028                PROVIDE (_edata = .)

.bss            0x0000000020000028     0x327c load address 0x0000000000002ae0
                0x0000000020000028                . = ALIGN (0x4)
                0x0000000020000028                PROVIDE (_sbss = .)
 *(.sbss*)
 .sbss.Task1Task_Handler
                0x0000000020000028        0x4 ./User/main.o
                0x0000000020000028                Task1Task_Handler
 .sbss.Task2Task_Handler
                0x000000002000002c        0x4 ./User/main.o
                0x000000002000002c                Task2Task_Handler
 .sbss.aaa      0x0000000020000030        0x1 ./User/main.o
                0x0000000020000030                aaa
 .sbss.key_filt_val
                0x0000000020000031        0x1 ./User/main.o
                0x0000000020000031                key_filt_val
 .sbss.last_filt_key_state
                0x0000000020000032        0x1 ./User/main.o
                0x0000000020000032                last_filt_key_state
 .sbss.old_key_state
                0x0000000020000033        0x1 ./User/main.o
                0x0000000020000033                old_key_state
 .sbss.NVIC_Priority_Group
                0x0000000020000034        0x4 ./Peripheral/src/ch32v30x_misc.o
                0x0000000020000034                NVIC_Priority_Group
 .sbss.pxEnd    0x0000000020000038        0x4 ./FreeRTOS/portable/MemMang/heap_4.o
 .sbss.xBlockAllocatedBit
                0x000000002000003c        0x4 ./FreeRTOS/portable/MemMang/heap_4.o
 .sbss.xFreeBytesRemaining
                0x0000000020000040        0x4 ./FreeRTOS/portable/MemMang/heap_4.o
 .sbss.xMinimumEverFreeBytesRemaining
                0x0000000020000044        0x4 ./FreeRTOS/portable/MemMang/heap_4.o
 .sbss.xNumberOfSuccessfulAllocations
                0x0000000020000048        0x4 ./FreeRTOS/portable/MemMang/heap_4.o
 .sbss.xNumberOfSuccessfulFrees
                0x000000002000004c        0x4 ./FreeRTOS/portable/MemMang/heap_4.o
 .sbss.xStart   0x0000000020000050        0x8 ./FreeRTOS/portable/MemMang/heap_4.o
 .sbss.pxCurrentTCB
                0x0000000020000058        0x4 ./FreeRTOS/tasks.o
                0x0000000020000058                pxCurrentTCB
 .sbss.pxDelayedTaskList
                0x000000002000005c        0x4 ./FreeRTOS/tasks.o
 .sbss.pxOverflowDelayedTaskList
                0x0000000020000060        0x4 ./FreeRTOS/tasks.o
 .sbss.uxCurrentNumberOfTasks
                0x0000000020000064        0x4 ./FreeRTOS/tasks.o
 .sbss.uxDeletedTasksWaitingCleanUp
                0x0000000020000068        0x4 ./FreeRTOS/tasks.o
 .sbss.uxSchedulerSuspended
                0x000000002000006c        0x4 ./FreeRTOS/tasks.o
 .sbss.uxTaskNumber
                0x0000000020000070        0x4 ./FreeRTOS/tasks.o
 .sbss.uxTopReadyPriority
                0x0000000020000074        0x4 ./FreeRTOS/tasks.o
 .sbss.xIdleTaskHandle
                0x0000000020000078        0x4 ./FreeRTOS/tasks.o
 .sbss.xNextTaskUnblockTime
                0x000000002000007c        0x4 ./FreeRTOS/tasks.o
 .sbss.xNumOfOverflows
                0x0000000020000080        0x4 ./FreeRTOS/tasks.o
 .sbss.xPendedTicks
                0x0000000020000084        0x4 ./FreeRTOS/tasks.o
 .sbss.xSchedulerRunning
                0x0000000020000088        0x4 ./FreeRTOS/tasks.o
 .sbss.xTickCount
                0x000000002000008c        0x4 ./FreeRTOS/tasks.o
 .sbss.xYieldPending
                0x0000000020000090        0x4 ./FreeRTOS/tasks.o
 .sbss.pxCurrentTimerList
                0x0000000020000094        0x4 ./FreeRTOS/timers.o
 .sbss.pxOverflowTimerList
                0x0000000020000098        0x4 ./FreeRTOS/timers.o
 .sbss.xLastTime.6268
                0x000000002000009c        0x4 ./FreeRTOS/timers.o
 .sbss.xTimerQueue
                0x00000000200000a0        0x4 ./FreeRTOS/timers.o
 .sbss.xTimerTaskHandle
                0x00000000200000a4        0x4 ./FreeRTOS/timers.o
 .sbss.p_ms     0x00000000200000a8        0x2 ./Debug/debug.o
 .sbss.p_us     0x00000000200000aa        0x1 ./Debug/debug.o
 *(.gnu.linkonce.sb.*)
 *(.bss*)
 *fill*         0x00000000200000ab        0x1 
 .bss.ucHeap    0x00000000200000ac     0x3000 ./FreeRTOS/portable/MemMang/heap_4.o
 .bss.xQueueRegistry
                0x00000000200030ac       0x40 ./FreeRTOS/queue.o
                0x00000000200030ac                xQueueRegistry
 .bss.pxReadyTasksLists
                0x00000000200030ec      0x12c ./FreeRTOS/tasks.o
 .bss.xDelayedTaskList1
                0x0000000020003218       0x14 ./FreeRTOS/tasks.o
 .bss.xDelayedTaskList2
                0x000000002000322c       0x14 ./FreeRTOS/tasks.o
 .bss.xPendingReadyList
                0x0000000020003240       0x14 ./FreeRTOS/tasks.o
 .bss.xSuspendedTaskList
                0x0000000020003254       0x14 ./FreeRTOS/tasks.o
 .bss.xTasksWaitingTermination
                0x0000000020003268       0x14 ./FreeRTOS/tasks.o
 .bss.xActiveTimerList1
                0x000000002000327c       0x14 ./FreeRTOS/timers.o
 .bss.xActiveTimerList2
                0x0000000020003290       0x14 ./FreeRTOS/timers.o
 *(.gnu.linkonce.b.*)
 *(COMMON*)
                0x00000000200032a4                . = ALIGN (0x4)
                0x00000000200032a4                PROVIDE (_ebss = .)
                0x00000000200032a4                PROVIDE (_end = _ebss)
                [!provide]                        PROVIDE (end = .)

.stack          0x0000000020007800      0x800
                0x0000000020007800                PROVIDE (_heap_end = .)
                0x0000000020007800                . = ALIGN (0x4)
                [!provide]                        PROVIDE (_susrstack = .)
                0x0000000020008000                . = (. + __stack_size)
 *fill*         0x0000000020007800      0x800 
                0x0000000020008000                PROVIDE (_eusrstack = .)
                0x0000000020008000                __freertos_irq_stack_top = .
OUTPUT(CH32V307-FreeRTOS.elf elf32-littleriscv)

.debug_info     0x0000000000000000    0x1370e
 .debug_info    0x0000000000000000      0x962 ./User/ch32v30x_it.o
 .debug_info    0x0000000000000962      0xecf ./User/main.o
 .debug_info    0x0000000000001831      0xb89 ./User/system_ch32v30x.o
 .debug_info    0x00000000000023ba       0x22 ./Startup/startup_ch32v30x_D8C.o
 .debug_info    0x00000000000023dc     0x1093 ./Peripheral/src/ch32v30x_gpio.o
 .debug_info    0x000000000000346f      0xf72 ./Peripheral/src/ch32v30x_misc.o
 .debug_info    0x00000000000043e1     0x156e ./Peripheral/src/ch32v30x_rcc.o
 .debug_info    0x000000000000594f     0x1420 ./Peripheral/src/ch32v30x_usart.o
 .debug_info    0x0000000000006d6f      0xe5c ./FreeRTOS/portable/MemMang/heap_4.o
 .debug_info    0x0000000000007bcb     0x118c ./FreeRTOS/portable/GCC/RISC-V/port.o
 .debug_info    0x0000000000008d57       0x26 ./FreeRTOS/portable/GCC/RISC-V/portASM.o
 .debug_info    0x0000000000008d7d      0xb80 ./FreeRTOS/list.o
 .debug_info    0x00000000000098fd     0x30eb ./FreeRTOS/queue.o
 .debug_info    0x000000000000c9e8     0x3c91 ./FreeRTOS/tasks.o
 .debug_info    0x0000000000010679     0x2179 ./FreeRTOS/timers.o
 .debug_info    0x00000000000127f2      0xf1c ./Debug/debug.o

.debug_abbrev   0x0000000000000000     0x2e53
 .debug_abbrev  0x0000000000000000      0x1cf ./User/ch32v30x_it.o
 .debug_abbrev  0x00000000000001cf      0x2e2 ./User/main.o
 .debug_abbrev  0x00000000000004b1      0x2c0 ./User/system_ch32v30x.o
 .debug_abbrev  0x0000000000000771       0x12 ./Startup/startup_ch32v30x_D8C.o
 .debug_abbrev  0x0000000000000783      0x309 ./Peripheral/src/ch32v30x_gpio.o
 .debug_abbrev  0x0000000000000a8c      0x2fb ./Peripheral/src/ch32v30x_misc.o
 .debug_abbrev  0x0000000000000d87      0x351 ./Peripheral/src/ch32v30x_rcc.o
 .debug_abbrev  0x00000000000010d8      0x312 ./Peripheral/src/ch32v30x_usart.o
 .debug_abbrev  0x00000000000013ea      0x36c ./FreeRTOS/portable/MemMang/heap_4.o
 .debug_abbrev  0x0000000000001756      0x3bc ./FreeRTOS/portable/GCC/RISC-V/port.o
 .debug_abbrev  0x0000000000001b12       0x14 ./FreeRTOS/portable/GCC/RISC-V/portASM.o
 .debug_abbrev  0x0000000000001b26      0x254 ./FreeRTOS/list.o
 .debug_abbrev  0x0000000000001d7a      0x461 ./FreeRTOS/queue.o
 .debug_abbrev  0x00000000000021db      0x545 ./FreeRTOS/tasks.o
 .debug_abbrev  0x0000000000002720      0x43a ./FreeRTOS/timers.o
 .debug_abbrev  0x0000000000002b5a      0x2f9 ./Debug/debug.o

.debug_aranges  0x0000000000000000      0x8f0
 .debug_aranges
                0x0000000000000000       0x28 ./User/ch32v30x_it.o
 .debug_aranges
                0x0000000000000028       0x38 ./User/main.o
 .debug_aranges
                0x0000000000000060       0x28 ./User/system_ch32v30x.o
 .debug_aranges
                0x0000000000000088       0x30 ./Startup/startup_ch32v30x_D8C.o
 .debug_aranges
                0x00000000000000b8       0xa8 ./Peripheral/src/ch32v30x_gpio.o
 .debug_aranges
                0x0000000000000160       0x28 ./Peripheral/src/ch32v30x_misc.o
 .debug_aranges
                0x0000000000000188      0x1a8 ./Peripheral/src/ch32v30x_rcc.o
 .debug_aranges
                0x0000000000000330      0x100 ./Peripheral/src/ch32v30x_usart.o
 .debug_aranges
                0x0000000000000430       0x50 ./FreeRTOS/portable/MemMang/heap_4.o
 .debug_aranges
                0x0000000000000480       0x58 ./FreeRTOS/portable/GCC/RISC-V/port.o
 .debug_aranges
                0x00000000000004d8       0x20 ./FreeRTOS/portable/GCC/RISC-V/portASM.o
 .debug_aranges
                0x00000000000004f8       0x40 ./FreeRTOS/list.o
 .debug_aranges
                0x0000000000000538      0x108 ./FreeRTOS/queue.o
 .debug_aranges
                0x0000000000000640      0x1b0 ./FreeRTOS/tasks.o
 .debug_aranges
                0x00000000000007f0       0xb8 ./FreeRTOS/timers.o
 .debug_aranges
                0x00000000000008a8       0x48 ./Debug/debug.o

.debug_ranges   0x0000000000000000      0xd38
 .debug_ranges  0x0000000000000000       0x18 ./User/ch32v30x_it.o
 .debug_ranges  0x0000000000000018       0x28 ./User/main.o
 .debug_ranges  0x0000000000000040       0x38 ./User/system_ch32v30x.o
 .debug_ranges  0x0000000000000078       0x28 ./Startup/startup_ch32v30x_D8C.o
 .debug_ranges  0x00000000000000a0       0x98 ./Peripheral/src/ch32v30x_gpio.o
 .debug_ranges  0x0000000000000138       0x48 ./Peripheral/src/ch32v30x_misc.o
 .debug_ranges  0x0000000000000180      0x198 ./Peripheral/src/ch32v30x_rcc.o
 .debug_ranges  0x0000000000000318       0xf0 ./Peripheral/src/ch32v30x_usart.o
 .debug_ranges  0x0000000000000408       0x40 ./FreeRTOS/portable/MemMang/heap_4.o
 .debug_ranges  0x0000000000000448       0x60 ./FreeRTOS/portable/GCC/RISC-V/port.o
 .debug_ranges  0x00000000000004a8       0x30 ./FreeRTOS/list.o
 .debug_ranges  0x00000000000004d8      0x2c8 ./FreeRTOS/queue.o
 .debug_ranges  0x00000000000007a0      0x410 ./FreeRTOS/tasks.o
 .debug_ranges  0x0000000000000bb0      0x150 ./FreeRTOS/timers.o
 .debug_ranges  0x0000000000000d00       0x38 ./Debug/debug.o

.debug_line     0x0000000000000000    0x10e90
 .debug_line    0x0000000000000000      0x236 ./User/ch32v30x_it.o
 .debug_line    0x0000000000000236      0x793 ./User/main.o
 .debug_line    0x00000000000009c9      0x772 ./User/system_ch32v30x.o
 .debug_line    0x000000000000113b      0x356 ./Startup/startup_ch32v30x_D8C.o
 .debug_line    0x0000000000001491      0xd63 ./Peripheral/src/ch32v30x_gpio.o
 .debug_line    0x00000000000021f4      0x4f0 ./Peripheral/src/ch32v30x_misc.o
 .debug_line    0x00000000000026e4     0x19a8 ./Peripheral/src/ch32v30x_rcc.o
 .debug_line    0x000000000000408c     0x1046 ./Peripheral/src/ch32v30x_usart.o
 .debug_line    0x00000000000050d2      0xc77 ./FreeRTOS/portable/MemMang/heap_4.o
 .debug_line    0x0000000000005d49      0x7bc ./FreeRTOS/portable/GCC/RISC-V/port.o
 .debug_line    0x0000000000006505      0x374 ./FreeRTOS/portable/GCC/RISC-V/portASM.o
 .debug_line    0x0000000000006879      0x692 ./FreeRTOS/list.o
 .debug_line    0x0000000000006f0b     0x31d7 ./FreeRTOS/queue.o
 .debug_line    0x000000000000a0e2     0x505d ./FreeRTOS/tasks.o
 .debug_line    0x000000000000f13f     0x1630 ./FreeRTOS/timers.o
 .debug_line    0x000000000001076f      0x721 ./Debug/debug.o

.debug_str      0x0000000000000000     0x39f2
 .debug_str     0x0000000000000000      0x55c ./User/ch32v30x_it.o
                                        0x5bd (size before relaxing)
 .debug_str     0x000000000000055c      0x31e ./User/main.o
                                        0x8c7 (size before relaxing)
 .debug_str     0x000000000000087a      0x10b ./User/system_ch32v30x.o
                                        0x6d3 (size before relaxing)
 .debug_str     0x0000000000000985       0x2e ./Startup/startup_ch32v30x_D8C.o
                                         0x71 (size before relaxing)
 .debug_str     0x00000000000009b3      0x238 ./Peripheral/src/ch32v30x_gpio.o
                                        0x978 (size before relaxing)
 .debug_str     0x0000000000000beb      0x6f0 ./Peripheral/src/ch32v30x_misc.o
                                        0xcd2 (size before relaxing)
 .debug_str     0x00000000000012db      0x5cb ./Peripheral/src/ch32v30x_rcc.o
                                        0xcd1 (size before relaxing)
 .debug_str     0x00000000000018a6      0x428 ./Peripheral/src/ch32v30x_usart.o
                                        0xb1e (size before relaxing)
 .debug_str     0x0000000000001cce      0x327 ./FreeRTOS/portable/MemMang/heap_4.o
                                        0x8db (size before relaxing)
 .debug_str     0x0000000000001ff5      0x151 ./FreeRTOS/portable/GCC/RISC-V/port.o
                                        0xd64 (size before relaxing)
 .debug_str     0x0000000000002146       0x2a ./FreeRTOS/portable/GCC/RISC-V/portASM.o
                                         0x79 (size before relaxing)
 .debug_str     0x0000000000002170      0x125 ./FreeRTOS/list.o
                                        0x6e5 (size before relaxing)
 .debug_str     0x0000000000002295      0x7a6 ./FreeRTOS/queue.o
                                       0x1535 (size before relaxing)
 .debug_str     0x0000000000002a3b      0xa69 ./FreeRTOS/tasks.o
                                       0x1a77 (size before relaxing)
 .debug_str     0x00000000000034a4      0x4de ./FreeRTOS/timers.o
                                       0x1374 (size before relaxing)
 .debug_str     0x0000000000003982       0x70 ./Debug/debug.o
                                        0x906 (size before relaxing)

.comment        0x0000000000000000       0x33
 .comment       0x0000000000000000       0x33 ./User/ch32v30x_it.o
                                         0x34 (size before relaxing)
 .comment       0x0000000000000033       0x34 ./User/main.o
 .comment       0x0000000000000033       0x34 ./User/system_ch32v30x.o
 .comment       0x0000000000000033       0x34 ./Peripheral/src/ch32v30x_gpio.o
 .comment       0x0000000000000033       0x34 ./Peripheral/src/ch32v30x_misc.o
 .comment       0x0000000000000033       0x34 ./Peripheral/src/ch32v30x_rcc.o
 .comment       0x0000000000000033       0x34 ./Peripheral/src/ch32v30x_usart.o
 .comment       0x0000000000000033       0x34 ./FreeRTOS/portable/MemMang/heap_4.o
 .comment       0x0000000000000033       0x34 ./FreeRTOS/portable/GCC/RISC-V/port.o
 .comment       0x0000000000000033       0x34 ./FreeRTOS/list.o
 .comment       0x0000000000000033       0x34 ./FreeRTOS/queue.o
 .comment       0x0000000000000033       0x34 ./FreeRTOS/tasks.o
 .comment       0x0000000000000033       0x34 ./FreeRTOS/timers.o
 .comment       0x0000000000000033       0x34 ./Debug/debug.o
 .comment       0x0000000000000033       0x34 c:/mounriver/mounriver_studio/toolchain/risc-v embedded gcc/bin/../lib/gcc/riscv-none-embed/8.2.0/../../../../riscv-none-embed/lib/rv32imacxw/ilp32\libprintf.a(wchprintf.o)

.debug_frame    0x0000000000000000     0x17fc
 .debug_frame   0x0000000000000000       0x30 ./User/ch32v30x_it.o
 .debug_frame   0x0000000000000030       0x94 ./User/main.o
 .debug_frame   0x00000000000000c4       0x3c ./User/system_ch32v30x.o
 .debug_frame   0x0000000000000100      0x148 ./Peripheral/src/ch32v30x_gpio.o
 .debug_frame   0x0000000000000248       0x30 ./Peripheral/src/ch32v30x_misc.o
 .debug_frame   0x0000000000000278      0x344 ./Peripheral/src/ch32v30x_rcc.o
 .debug_frame   0x00000000000005bc      0x204 ./Peripheral/src/ch32v30x_usart.o
 .debug_frame   0x00000000000007c0       0xc8 ./FreeRTOS/portable/MemMang/heap_4.o
 .debug_frame   0x0000000000000888       0xac ./FreeRTOS/portable/GCC/RISC-V/port.o
 .debug_frame   0x0000000000000934       0x60 ./FreeRTOS/list.o
 .debug_frame   0x0000000000000994      0x48c ./FreeRTOS/queue.o
 .debug_frame   0x0000000000000e20      0x678 ./FreeRTOS/tasks.o
 .debug_frame   0x0000000000001498      0x2a8 ./FreeRTOS/timers.o
 .debug_frame   0x0000000000001740       0x9c ./Debug/debug.o
 .debug_frame   0x00000000000017dc       0x20 c:/mounriver/mounriver_studio/toolchain/risc-v embedded gcc/bin/../lib/gcc/riscv-none-embed/8.2.0/../../../../riscv-none-embed/lib/rv32imacxw/ilp32\libg_nano.a(lib_a-memcpy.o)

.debug_loc      0x0000000000000000     0x6de4
 .debug_loc     0x0000000000000000       0x61 ./User/main.o
 .debug_loc     0x0000000000000061       0xda ./User/system_ch32v30x.o
 .debug_loc     0x000000000000013b      0x670 ./Peripheral/src/ch32v30x_gpio.o
 .debug_loc     0x00000000000007ab       0xce ./Peripheral/src/ch32v30x_misc.o
 .debug_loc     0x0000000000000879      0xadb ./Peripheral/src/ch32v30x_rcc.o
 .debug_loc     0x0000000000001354      0x7bb ./Peripheral/src/ch32v30x_usart.o
 .debug_loc     0x0000000000001b0f      0x330 ./FreeRTOS/portable/MemMang/heap_4.o
 .debug_loc     0x0000000000001e3f       0xad ./FreeRTOS/portable/GCC/RISC-V/port.o
 .debug_loc     0x0000000000001eec       0x94 ./FreeRTOS/list.o
 .debug_loc     0x0000000000001f80     0x1b0a ./FreeRTOS/queue.o
 .debug_loc     0x0000000000003a8a     0x2386 ./FreeRTOS/tasks.o
 .debug_loc     0x0000000000005e10      0xe5d ./FreeRTOS/timers.o
 .debug_loc     0x0000000000006c6d      0x177 ./Debug/debug.o
